// Jest Snapshot v1, https://goo.gl/fbAQLP

exports[`DecksAdd view renders correctly 1`] = `
<RCTSafeAreaView
  emulateUnlessSupported={true}
  style={
    Object {
      "alignItems": "center",
      "flex": 1,
      "justifyContent": "center",
    }
  }
>
  <View
    style={
      Object {
        "flexDirection": "row",
      }
    }
  >
    <View
      style={
        Object {
          "flex": 0.8,
          "paddingHorizontal": 10,
          "width": "100%",
        }
      }
    >
      <View
        style={
          Object {
            "alignItems": "center",
            "borderBottomWidth": 1,
            "borderColor": "#86939e",
            "flexDirection": "row",
            "transform": Array [
              Object {
                "translateX": 0,
              },
            ],
          }
        }
      >
        <TextInput
          allowFontScaling={true}
          editable={true}
          onChangeText={[Function]}
          placeholder="Deck Name"
          rejectResponderTermination={true}
          style={
            Object {
              "alignSelf": "center",
              "color": "black",
              "flex": 1,
              "fontSize": 18,
              "minHeight": 40,
            }
          }
          testID="RNE__Input__text-input"
          underlineColorAndroid="transparent"
          value=""
        />
      </View>
    </View>
    <View
      style={
        Object {
          "borderRadius": 3,
        }
      }
    >
      <View
        accessible={true}
        focusable={true}
        onClick={[Function]}
        onResponderGrant={[Function]}
        onResponderMove={[Function]}
        onResponderRelease={[Function]}
        onResponderTerminate={[Function]}
        onResponderTerminationRequest={[Function]}
        onStartShouldSetResponder={[Function]}
        style={
          Object {
            "opacity": 1,
          }
        }
      >
        <View
          style={
            Object {
              "alignItems": "center",
              "backgroundColor": "#2089dc",
              "borderColor": "#2089dc",
              "borderRadius": 3,
              "borderWidth": 0,
              "flexDirection": "row",
              "justifyContent": "center",
              "padding": 8,
            }
          }
        >
          <Text
            style={
              Object {
                "color": "white",
                "fontSize": 18,
                "paddingBottom": 1,
                "paddingTop": 2,
                "textAlign": "center",
              }
            }
          >
            Add
          </Text>
        </View>
      </View>
    </View>
  </View>
</RCTSafeAreaView>
`;
